2026-07-29 03:08:44,061 - INFO - ===== ETL Pipeline Started =====
2026-07-29 03:09:37,246 - INFO - Scraping selesai
2026-07-29 03:09:37,288 - INFO - Cleaning selesai
2026-07-29 03:09:37,293 - INFO - Feature Engineering selesai
2026-07-29 03:09:37,294 - INFO - Validation selesai
2026-07-29 03:09:37,298 - INFO - CSV berhasil disimpan
2026-07-29 03:09:37,323 - INFO - SQLite berhasil disimpan
2026-07-29 03:09:37,323 - INFO - ===== ETL Pipeline Finished =====
2026-07-29 03:14:51,228 - INFO - ===== ETL Pipeline Started =====
2026-07-29 03:21:57,266 - INFO - ===== ETL Pipeline Started =====
2026-07-29 03:27:01,178 - INFO - ===== ETL Pipeline Started =====
2026-07-29 03:45:39,769 - INFO - ===== ETL Pipeline Started =====
2026-07-29 03:45:40,109 - INFO - ====== WebDriver manager ======
2026-07-29 03:45:41,638 - INFO - Get LATEST chromedriver version for google-chrome
2026-07-29 03:45:41,971 - INFO - There is no [win64] chromedriver "150.0.7871.124" for browser google-chrome "150.0.7871" in cache
2026-07-29 03:45:42,536 - INFO - There is no [win64] chromedriver "150.0.7871.124" for browser google-chrome "150.0.7871" in cache
2026-07-29 03:45:42,536 - INFO - Get LATEST chromedriver version for google-chrome
2026-07-29 03:45:43,216 - INFO - WebDriver version 150.0.7871.124 selected
2026-07-29 03:45:43,222 - INFO - Modern chrome version https://storage.googleapis.com/chrome-for-testing-public/150.0.7871.124/win64/chromedriver-win64.zip
2026-07-29 03:45:43,222 - INFO - About to download new driver from https://storage.googleapis.com/chrome-for-testing-public/150.0.7871.124/win64/chromedriver-win64.zip
2026-07-29 03:45:43,670 - INFO - Driver downloading response is 200
2026-07-29 03:45:51,700 - INFO - Driver has been saved in cache [C:\Users\User\.wdm\drivers\chromedriver\win64\150.0.7871.124]
2026-07-29 03:47:16,798 - INFO - Scraping selesai
2026-07-29 03:57:57,616 - INFO - ===== ETL Pipeline Started =====
2026-07-29 03:57:57,806 - INFO - ====== WebDriver manager ======
2026-07-29 03:57:58,538 - INFO - Driver [C:\Users\User\.wdm\drivers\chromedriver\win64\150.0.7871.124\chromedriver-win64/chromedriver.exe] found in cache by browser version
2026-07-29 03:59:15,524 - INFO - Scraping selesai
2026-07-29 03:59:15,593 - INFO - Cleaning selesai
2026-07-29 03:59:15,598 - INFO - Feature Engineering selesai
2026-07-29 03:59:15,599 - INFO - Validation selesai
2026-07-29 03:59:15,608 - INFO - CSV berhasil disimpan
2026-07-29 03:59:15,636 - INFO - SQLite berhasil disimpan
2026-07-29 03:59:15,636 - INFO - ===== ETL Pipeline Finished =====
2026-07-29 04:05:30,333 - INFO - ===== ETL Pipeline Started =====
2026-07-29 04:05:30,519 - INFO - ====== WebDriver manager ======
2026-07-29 04:05:31,382 - INFO - Driver [C:\Users\User\.wdm\drivers\chromedriver\win64\150.0.7871.124\chromedriver-win64/chromedriver.exe] found in cache by browser version
2026-07-29 04:09:23,903 - INFO - Scraping selesai
2026-07-29 04:09:23,974 - INFO - Cleaning selesai
2026-07-29 04:09:23,980 - INFO - Feature Engineering selesai
2026-07-29 04:09:23,981 - INFO - Validation selesai
2026-07-29 04:09:23,989 - INFO - CSV berhasil disimpan
2026-07-29 04:09:24,020 - INFO - SQLite berhasil disimpan
2026-07-29 04:09:24,020 - INFO - ===== ETL Pipeline Finished =====
2026-07-29 04:12:25,880 - INFO - ===== ETL Pipeline Started =====
2026-07-29 04:12:26,066 - INFO - ====== WebDriver manager ======
2026-07-29 04:12:26,807 - INFO - Driver [C:\Users\User\.wdm\drivers\chromedriver\win64\150.0.7871.124\chromedriver-win64/chromedriver.exe] found in cache by browser version
2026-07-29 04:13:53,460 - INFO - Scraping selesai
2026-07-29 04:13:53,545 - INFO - Cleaning selesai
2026-07-29 04:13:53,553 - INFO - Feature Engineering selesai
2026-07-29 04:13:53,554 - INFO - Validation selesai
2026-07-29 04:13:53,569 - INFO - CSV berhasil disimpan
2026-07-29 04:13:53,602 - INFO - SQLite berhasil disimpan
2026-07-29 04:13:53,602 - INFO - ===== ETL Pipeline Finished =====
2026-07-29 04:17:18,105 - INFO - ===== ETL Pipeline Started =====
2026-07-29 04:17:18,276 - INFO - ====== WebDriver manager ======
2026-07-29 04:17:19,242 - INFO - Driver [C:\Users\User\.wdm\drivers\chromedriver\win64\150.0.7871.124\chromedriver-win64/chromedriver.exe] found in cache by browser version
2026-07-29 04:17:40,461 - INFO - Scraping selesai
2026-07-29 04:17:40,535 - INFO - Cleaning selesai
2026-07-29 04:17:40,541 - INFO - Feature Engineering selesai
2026-07-29 04:17:40,542 - INFO - Validation selesai
2026-07-29 04:17:40,550 - INFO - CSV berhasil disimpan
2026-07-29 04:17:40,581 - INFO - SQLite berhasil disimpan
2026-07-29 04:17:40,581 - INFO - ===== ETL Pipeline Finished =====
2026-07-29 05:53:29,209 - INFO - ===== ETL Pipeline Started =====
2026-07-29 05:53:29,365 - INFO - ====== WebDriver manager ======
2026-07-29 05:53:30,785 - INFO - Driver [C:\Users\User\.wdm\drivers\chromedriver\win64\150.0.7871.124\chromedriver-win64/chromedriver.exe] found in cache by browser version
2026-07-29 05:53:50,239 - INFO - Scraping selesai
2026-07-29 05:53:50,313 - INFO - Cleaning selesai
2026-07-29 05:53:50,319 - INFO - Feature Engineering selesai
2026-07-29 05:53:50,321 - INFO - Validation selesai
2026-07-29 05:53:50,330 - INFO - CSV berhasil disimpan
2026-07-29 05:53:50,360 - INFO - SQLite berhasil disimpan
2026-07-29 05:53:50,360 - INFO - ===== ETL Pipeline Finished =====
